CREATE PROC Pcomp AS SELECT
{
     COMPNAME  =  COMPNAME
     COMP_ADDRESS  =  COMP-ADDRESS
     COMP_CITY  =  COMP-CITY
}
FROM CDCIN;


CREATE PROC Pdept AS SELECT
{
     DEPTNO  =  DEPTNO
     DEPT_NAME  =  DEPT-NAME
     DEPT_MGRNO  =  DEPT-MGRNO
     DEPT_ADMRDEP  =  DEPT-ADMRDEP
     DEPT_LOC  =  DEPT-LOC
}
FROM CDCIN;


CREATE PROC Pempl AS SELECT
{
     EMPNO  =  EMPNO
     EMPL_FIRST  =  EMPL-FIRST
     EMPL_MID  =  EMPL-MID
     EMPL_LAST  =  EMPL-LAST
     EMPL_DEPT  =  EMPL-DEPT
     EMPL_PHONE  =  EMPL-PHONE
     EMPL_HIREDT  =  EMPL-HIREDT
     EMPL_JOB  =  EMPL-JOB
     EMPL_EDLEVEL  =  EMPL-EDLEVEL
     EMPL_SEX  =  EMPL-SEX
     EMPL_DOB  =  EMPL-DOB
     EMPL_SALARY  =  EMPL-SALARY
     EMPL_BONUS  =  EMPL-BONUS
     EMPL_COMM  =  EMPL-COMM
     PFK_DEPTNO  =  PFK_DEPTNO
}
FROM CDCIN;


CREATE PROC Pvend AS SELECT
{
     VENDID  =  VENDID
     VEND_NAME  =  VEND-NAME
     VEND_COMPANY  =  VEND-COMPANY
     VEND_ADDRESS  =  VEND-ADDRESS
     VEND_CITY  =  VEND-CITY
     VEND_STATE  =  VEND-STATE
     VEND_ZIP  =  VEND-ZIP
}
FROM CDCIN;


