SQDC000I *******************************************************
SQDC021I sqdparse Version 3.9.28-dev (Windows-x86)
SQDC022I Build-id 5e81afa984e5868e7f78c7e7253cb472b9eec26a
SQDC023I (c)2001-2014 SQData Corporation.
SQDC000I *******************************************************
SQDC000I 
SQD0000I 2015-03-31 01:53:32
>>> Start Preprocessed C:/wamp/www/SQDATA/Studio/temp/genScript/engnew.inl
000001 --------------------------------------------------------
000002 --           PROJECT: newTest3-30-15
000003 --       ENVIRONMENT: envnew
000004 --            SYSTEM: sysnew
000005 --------------------------------------------------------
000006 JOBNAME engnew;
000007 DATEFORMAT ISO;
000008 
000009 RDBMS ODBC db1;
000010 
000011 -- ------------------------------------------------------
000012 --           Data Definition Section
000013 -- ------------------------------------------------------
000014 
000015 DESCRIPTION IMSDBD
000016 /+
000017 HFD GEN DBN=DREMT10P,SYSTEM=L
000018 HFD COMMAND SUCCESSFUL
000019 ***** DBD - DREMT10P ***** SYSTEM - IMSL *****
000020          PRINT NOGEN
000021 * RIIMC00 V 1.21 ... DBD DREMT10P generated on 07/28/2010 at 15:12:23
000022          DBD NAME=DREMT10P,ACCESS=(HIDAM,OSAM),PASSWD=NO
000023 DSG001   DATASET DD1=DREMT10P,SIZE=08192,FRSPC=(,07)
000024          SEGM NAME=SREMTRAN,PARENT=0,BYTES=(00650),POINTER=(TB)
000025          FIELD NAME=(KFLDC2,SEQ,U),BYTES=012,START=00017,TYPE=C
000026          FIELD NAME=/CKREMT1,BYTES=008,START=00005,TYPE=C
000027          FIELD NAME=RSVDTA,BYTES=002,START=00001,TYPE=X
000028          FIELD NAME=LSUPDT,BYTES=008,START=00003,TYPE=C
000029          FIELD NAME=LSUPTM,BYTES=006,START=00011,TYPE=C
000030          FIELD NAME=BRCHNO,BYTES=004,START=00017,TYPE=C
000031          FIELD NAME=ARIESN,BYTES=008,START=00021,TYPE=C
000032          FIELD NAME=JUDANO,BYTES=003,START=00021,TYPE=C
000033          FIELD NAME=WHARCN,BYTES=005,START=00024,TYPE=C
000034          FIELD NAME=ARBANO,BYTES=003,START=00024,TYPE=C
000035          FIELD NAME=PYBARE,BYTES=003,START=00024,TYPE=C
000036          FIELD NAME=REARCN,BYTES=005,START=00024,TYPE=C
000037          FIELD NAME=TLLRID,BYTES=002,START=00024,TYPE=C
000038          FIELD NAME=TLRESN,BYTES=003,START=00026,TYPE=C
000039          FIELD NAME=ARBAIN,BYTES=002,START=00027,TYPE=C
000040          FIELD NAME=SUBAPL,BYTES=003,START=00029,TYPE=C
000041          FIELD NAME=SENGRP,BYTES=012,START=00032,TYPE=C
000042          FIELD NAME=RGCURR,BYTES=004,START=00032,TYPE=C
000043          FIELD NAME=RGAMNT,BYTES=008,START=00036,TYPE=P
000044          FIELD NAME=CRIVDT,BYTES=008,START=00044,TYPE=C
000045          FIELD NAME=LOCQAM,BYTES=008,START=00052,TYPE=P
000046          FIELD NAME=BEISFX,BYTES=002,START=00060,TYPE=C
000047          FIELD NAME=DRACCT,BYTES=010,START=00062,TYPE=C
000048          FIELD NAME=DRAMNT,BYTES=008,START=00072,TYPE=P
000049          FIELD NAME=DRCUCD,BYTES=004,START=00080,TYPE=C
000050          FIELD NAME=DRC2CD,BYTES=002,START=00080,TYPE=C
000051          FIELD NAME=DRVLDT,BYTES=008,START=00084,TYPE=C
000052          FIELD NAME=DRXCRT,BYTES=008,START=00092,TYPE=P
000053          FIELD NAME=CBRRRC,BYTES=001,START=00100,TYPE=C
000054          FIELD NAME=CLRAGC,BYTES=001,START=00101,TYPE=C
000055          FIELD NAME=CRACCT,BYTES=010,START=00102,TYPE=C
000056          FIELD NAME=CRAMNT,BYTES=008,START=00112,TYPE=P
000057          FIELD NAME=CRCUCD,BYTES=004,START=00120,TYPE=C
000058          FIELD NAME=CRC2CD,BYTES=002,START=00120,TYPE=C
000059          FIELD NAME=CRVLDT,BYTES=008,START=00124,TYPE=C
000060          FIELD NAME=CRXCRT,BYTES=008,START=00132,TYPE=P
000061          FIELD NAME=PYMTCD,BYTES=003,START=00140,TYPE=C
000062          FIELD NAME=RMITCD,BYTES=002,START=00143,TYPE=C
000063          FIELD NAME=HOXRAT,BYTES=008,START=00145,TYPE=P
000064          FIELD NAME=COVBYC,BYTES=003,START=00153,TYPE=C
000065          FIELD NAME=COVBCL,BYTES=007,START=00156,TYPE=C
000066          FIELD NAME=COVCCD,BYTES=001,START=00163,TYPE=C
000067          FIELD NAME=BSCODE,BYTES=004,START=00164,TYPE=C
000068          FIELD NAME=DOFOPC,BYTES=001,START=00168,TYPE=C
000069          FIELD NAME=HLSTTS,BYTES=001,START=00169,TYPE=C
000070          FIELD NAME=RMSTTS,BYTES=001,START=00170,TYPE=C
000071          FIELD NAME=FRCDCD,BYTES=001,START=00171,TYPE=C
000072          FIELD NAME=SONMBR,BYTES=006,START=00172,TYPE=C
000073          FIELD NAME=AWBKNO,BYTES=007,START=00178,TYPE=C
000074          FIELD NAME=DRIVDT,BYTES=008,START=00185,TYPE=C
000075          FIELD NAME=XCEPIN,BYTES=001,START=00193,TYPE=C
000076          FIELD NAME=FDIMIN,BYTES=001,START=00194,TYPE=C
000077          FIELD NAME=ONLPRI,BYTES=001,START=00195,TYPE=C
000078          FIELD NAME=ONLPRC,BYTES=001,START=00196,TYPE=C
000079          FIELD NAME=ISCCAO,BYTES=002,START=00197,TYPE=C
000080          FIELD NAME=ISCCAB,BYTES=002,START=00199,TYPE=C
000081          FIELD NAME=APRPIN,BYTES=001,START=00201,TYPE=C
000082          FIELD NAME=CCSPPA,BYTES=008,START=00202,TYPE=P
000083          FIELD NAME=CLBKCD,BYTES=001,START=00210,TYPE=C
000084          FIELD NAME=CHDTCD,BYTES=002,START=00211,TYPE=C
000085          FIELD NAME=CDRANO,BYTES=010,START=00213,TYPE=C
000086          FIELD NAME=BNYACC,BYTES=016,START=00223,TYPE=C
000087          FIELD NAME=XCRTCD,BYTES=001,START=00239,TYPE=C
000088          FIELD NAME=FNAVCD,BYTES=001,START=00240,TYPE=C
000089          FIELD NAME=DUPCOD,BYTES=001,START=00241,TYPE=C
000090          FIELD NAME=ISCCRB,BYTES=002,START=00242,TYPE=C
000091          FIELD NAME=DACSLC,BYTES=007,START=00244,TYPE=C
000092          FIELD NAME=CACSLC,BYTES=007,START=00251,TYPE=C
000093          FIELD NAME=COMPDT,BYTES=008,START=00258,TYPE=C
000094          FIELD NAME=RLSEDT,BYTES=008,START=00266,TYPE=C
000095          FIELD NAME=INSTRF,BYTES=003,START=00274,TYPE=C
000096          FIELD NAME=INSTRD,BYTES=008,START=00277,TYPE=C
000097          FIELD NAME=BENYRF,BYTES=020,START=00285,TYPE=C
000098          FIELD NAME=REMREF,BYTES=020,START=00305,TYPE=C
000099          FIELD NAME=REMBCL,BYTES=007,START=00325,TYPE=C
000100          FIELD NAME=INCLOC,BYTES=007,START=00332,TYPE=C
000101          FIELD NAME=BOCLOC,BYTES=007,START=00339,TYPE=C
000102          FIELD NAME=TCORCL,BYTES=007,START=00346,TYPE=C
000103          FIELD NAME=BBCLOC,BYTES=007,START=00353,TYPE=C
000104          FIELD NAME=BNCLOC,BYTES=007,START=00360,TYPE=C
000105          FIELD NAME=LWCLOC,BYTES=007,START=00367,TYPE=C
000106          FIELD NAME=REGCCD,BYTES=001,START=00374,TYPE=C
000107          FIELD NAME=SPCLRD,BYTES=001,START=00375,TYPE=C
000108          FIELD NAME=PSTURC,BYTES=001,START=00376,TYPE=C
000109          FIELD NAME=FUNDRC,BYTES=001,START=00377,TYPE=C
000110          FIELD NAME=URGNTC,BYTES=001,START=00378,TYPE=C
000111          FIELD NAME=RTERGC,BYTES=001,START=00379,TYPE=C
000112          FIELD NAME=DRPRCD,BYTES=002,START=00380,TYPE=C
000113          FIELD NAME=CRPRCD,BYTES=002,START=00382,TYPE=C
000114          FIELD NAME=DRCNCD,BYTES=001,START=00384,TYPE=C
000115          FIELD NAME=CRCNCD,BYTES=001,START=00385,TYPE=C
000116          FIELD NAME=CHCACD,BYTES=001,START=00386,TYPE=C
000117          FIELD NAME=CRBSCD,BYTES=001,START=00387,TYPE=C
000118          FIELD NAME=PROBCD,BYTES=001,START=00388,TYPE=C
000119          FIELD NAME=RRQIND,BYTES=001,START=00389,TYPE=C
000120          FIELD NAME=CASHPC,BYTES=001,START=00390,TYPE=C
000121          FIELD NAME=CURRPC,BYTES=001,START=00391,TYPE=C
000122          FIELD NAME=DFPOSC,BYTES=001,START=00392,TYPE=C
000123          FIELD NAME=TTRPIN,BYTES=001,START=00393,TYPE=C
000124          FIELD NAME=TTBYIN,BYTES=001,START=00394,TYPE=C
000125          FIELD NAME=BTOBCC,BYTES=001,START=00395,TYPE=C
000126          FIELD NAME=UNDACD,BYTES=001,START=00396,TYPE=C
000127          FIELD NAME=PCRGEC,BYTES=001,START=00397,TYPE=C
000128          FIELD NAME=PODECD,BYTES=001,START=00398,TYPE=C
000129          FIELD NAME=PDEDEC,BYTES=001,START=00399,TYPE=C
000130          FIELD NAME=CRADCD,BYTES=001,START=00400,TYPE=C
000131          FIELD NAME=DRADCD,BYTES=001,START=00401,TYPE=C
000132          FIELD NAME=CHRGAC,BYTES=001,START=00402,TYPE=C
000133          FIELD NAME=ATRIND,BYTES=001,START=00403,TYPE=C
000134          FIELD NAME=BPCENC,BYTES=001,START=00404,TYPE=C
000135          FIELD NAME=CHEXRT,BYTES=008,START=00405,TYPE=P
000136          FIELD NAME=PROPSC,BYTES=001,START=00413,TYPE=C
000137          FIELD NAME=RBCRCL,BYTES=007,START=00414,TYPE=C
000138          FIELD NAME=SBAREF,BYTES=016,START=00421,TYPE=C
000139          FIELD NAME=EMFREF,BYTES=016,START=00437,TYPE=C
000140          FIELD NAME=PYICIN,BYTES=007,START=00453,TYPE=C
000141          FIELD NAME=SUPYOC,BYTES=001,START=00460,TYPE=C
000142          FIELD NAME=SPPOID,BYTES=001,START=00461,TYPE=C
000143          FIELD NAME=TTRUTE,BYTES=001,START=00462,TYPE=C
000144          FIELD NAME=TTRITY,BYTES=001,START=00463,TYPE=C
000145          FIELD NAME=RUSENO,BYTES=002,START=00464,TYPE=P
000146          FIELD NAME=HOCCDE,BYTES=001,START=00466,TYPE=C
000147          FIELD NAME=ISCCPD,BYTES=002,START=00467,TYPE=C
000148          FIELD NAME=RPREQC,BYTES=001,START=00469,TYPE=C
000149          FIELD NAME=INDUPC,BYTES=001,START=00470,TYPE=C
000150          FIELD NAME=CBRSTC,BYTES=001,START=00471,TYPE=C
000151          FIELD NAME=CBRCLC,BYTES=001,START=00472,TYPE=C
000152          FIELD NAME=ARGTNO,BYTES=006,START=00473,TYPE=C
000153          FIELD NAME=RTEXCD,BYTES=001,START=00479,TYPE=C
000154          FIELD NAME=ARCHDT,BYTES=008,START=00480,TYPE=C
000155          FIELD NAME=TRNGCD,BYTES=001,START=00488,TYPE=C
000156          FIELD NAME=DRENTY,BYTES=003,START=00489,TYPE=C
000157          FIELD NAME=CRENTY,BYTES=003,START=00492,TYPE=C
000158          FIELD NAME=SUPYCO,BYTES=003,START=00495,TYPE=C
000159          FIELD NAME=INDRAC,BYTES=001,START=00498,TYPE=C
000160          FIELD NAME=REARNO,BYTES=008,START=00499,TYPE=C
000161          FIELD NAME=READNO,BYTES=008,START=00507,TYPE=C
000162          FIELD NAME=CCCODE,BYTES=005,START=00515,TYPE=C
000163          FIELD NAME=CLCETC,BYTES=002,START=00520,TYPE=C
000164          FIELD NAME=HOLDTP,BYTES=001,START=00522,TYPE=C
000165          FIELD NAME=CLRDYS,BYTES=002,START=00523,TYPE=C
000166          FIELD NAME=REREOF,BYTES=004,START=00525,TYPE=C
000167          FIELD NAME=RETLRI,BYTES=001,START=00529,TYPE=C
000168          FIELD NAME=MUREIC,BYTES=003,START=00530,TYPE=C
000169          FIELD NAME=BRLOID,BYTES=002,START=00533,TYPE=C
000170          FIELD NAME=TLPOID,BYTES=002,START=00535,TYPE=C
000171          FIELD NAME=CFMAIN,BYTES=001,START=00537,TYPE=C
000172          FIELD NAME=BENAOC,BYTES=001,START=00538,TYPE=C
000173          FIELD NAME=MURIPC,BYTES=003,START=00539,TYPE=C
000174          FIELD NAME=MUROCC,BYTES=003,START=00542,TYPE=C
000175          FIELD NAME=NEMUPD,BYTES=008,START=00545,TYPE=C
000176          FIELD NAME=DRCRIN,BYTES=001,START=00553,TYPE=C
000177          FIELD NAME=PYITCI,BYTES=001,START=00554,TYPE=C
000178          FIELD NAME=OEFTKY,BYTES=004,START=00555,TYPE=C
000179          FIELD NAME=BUPFCD,BYTES=008,START=00559,TYPE=C
000180          FIELD NAME=BUPYFN,BYTES=003,START=00567,TYPE=C
000181          FIELD NAME=BUPYBN,BYTES=005,START=00570,TYPE=C
000182          FIELD NAME=BUPYDN,BYTES=005,START=00575,TYPE=C
000183          FIELD NAME=STPYIN,BYTES=001,START=00580,TYPE=C
000184          FIELD NAME=BKUNNO,BYTES=004,START=00581,TYPE=C
000185          FIELD NAME=PSPRNO,BYTES=012,START=00585,TYPE=C
000186          FIELD NAME=TACEVC,BYTES=020,START=00597,TYPE=C
000187          FIELD NAME=TACEVD,BYTES=008,START=00617,TYPE=C
000188          FIELD NAME=SWPYMC,BYTES=001,START=00625,TYPE=C
000189          FIELD NAME=PYWCRS,BYTES=001,START=00626,TYPE=C
000190          FIELD NAME=ISCCBR,BYTES=002,START=00627,TYPE=C
000191          FIELD NAME=REINBE,BYTES=001,START=00629,TYPE=C
000192          FIELD NAME=ISCCOR,BYTES=002,START=00630,TYPE=C
000193          FIELD NAME=REINOR,BYTES=001,START=00632,TYPE=C
000194          FIELD NAME=FRCBCC,BYTES=003,START=00633,TYPE=C
000195          FIELD NAME=PYRECO,BYTES=002,START=00636,TYPE=C
000196          FIELD NAME=DPITCN,BYTES=006,START=00638,TYPE=C
000197          FIELD NAME=ODTRTY,BYTES=001,START=00644,TYPE=C
000198          FIELD NAME=ODDDBN,BYTES=006,START=00645,TYPE=C
000199          LCHILD NAME=(SREMTPIX,DREMT12P),POINTER=INDX,RULES=LAST
000200          LCHILD NAME=(SDUPINDX,DREMT13P),POINTER=INDX,RULES=LAST
000201          XDFLD NAME=REMITI,SRCH=(BRCHNO,SENGRP,CRACCT,DRACCT,SUBAPL),  X
000202                SUBSEQ=KFLDC2
000203          LCHILD NAME=(SREMTEIX,DREMT14P),POINTER=INDX
000204          XDFLD NAME=LREMTSEQ,SEGMENT=SREMTRAN,SRCH=(BRCHNO,BRLOID,     X
000205                TLLRID,TLPOID,RMSTTS),SUBSEQ=(JUDANO,TLRESN),           X
000206                DDATA=SUBAPL,EXTRTN=IMSPARSE
000207          LCHILD NAME=(SREMTWIX,DREMT15P),POINTER=INDX
000208          XDFLD NAME=NREMTSEQ,SEGMENT=SREMTRAN,SRCH=(BRCHNO,JUDANO,     X
000209                ARBANO,ARBAIN),DDATA=(PYWCRS,CLRAGC,CCCODE),            X
000210                EXTRTN=IMSPARSE
000211          LCHILD NAME=(SREMTQIX,DREMT16P),POINTER=INDX,RULES=LAST
000212          XDFLD NAME=OREMTSEQ,SEGMENT=SREMTRAN,SRCH=(BRCHNO,ARIESN),    X
000213                SUBSEQ=(PYMTCD,SUPYCO,COVBYC,AWBKNO,CRCUCD),            X
000214                DDATA=(CRACCT,CRVLDT,DRCUCD,DRACCT,DRVLDT),             X
000215                EXTRTN=IMSPARSE
000216          LCHILD NAME=(SREMTAIX,DREMT17P),POINTER=INDX
000217          XDFLD NAME=AREMTSEQ,SEGMENT=SREMTRTS,SRCH=REPYLA,             X
000218                SUBSEQ=/CKREMT
000219          LCHILD NAME=(SREMTBIX,DREMT18P),POINTER=INDX
000220          XDFLD NAME=BREMTSEQ,SEGMENT=SREMTIMD,SRCH=CNSRSI,             X
000221                SUBSEQ=(/CKKTBR,SNSWAD,INMSKG,/CKKTAN),DDATA=INMSDG,    X
000222                EXTRTN=IMSPARSE
000223          LCHILD NAME=(SREMTCIX,DREMT19P),POINTER=INDX
000224          XDFLD NAME=CREMTSEQ,SEGMENT=SREMTIMD,SRCH=CNSRAI,             X
000225                SUBSEQ=(/CKKTBR,DRACCT,INMSKG,/CKKTAN),DDATA=INMSDG,    X
000226                EXTRTN=IMSPARSE
000227          LCHILD NAME=(SREMTDIX,DREMT23P),POINTER=INDX
000228          XDFLD NAME=DREMTSEQ,SEGMENT=SREMTRAN,SRCH=SBAREF,             X
000229                SUBSEQ=(BRCHNO,ARIESN),NULLVAL=X'40'
000230          LCHILD NAME=(SREMTFIX,DREMT24P),POINTER=INDX
000231          XDFLD NAME=EREMTSEQ,SEGMENT=SREMTRAN,SRCH=(BRCHNO,DRAMNT,     X
000232                BNYACC,CRACCT),SUBSEQ=/CKREMT1,DDATA=(PYMTCD,SUPYCO,    X
000233                CLRAGC,BENYRF)
000234          LCHILD NAME=(SREMTGIX,DREMT25P),POINTER=INDX
000235          XDFLD NAME=GREMTSEQ,SEGMENT=SREMTOFL,SRCH=(CAPYER,CCCODE),    X
000236                SUBSEQ=(/CKKTBR,/CKKTAN),NULLVAL=X'40'
000237          SEGM NAME=SREAUDIT,PARENT=((SREMTRAN,SNGL)),BYTES=(00040)
000238          FIELD NAME=(KFLDCY,SEQ,U),BYTES=002,START=00017,TYPE=C
000239          FIELD NAME=RSVDTA,BYTES=002,START=00001,TYPE=X
000240          FIELD NAME=LSUPDT,BYTES=008,START=00003,TYPE=C
000241          FIELD NAME=LSUPTM,BYTES=006,START=00011,TYPE=C
000242          FIELD NAME=FUNCDE,BYTES=002,START=00017,TYPE=C
000243          FIELD NAME=FUNCID,BYTES=009,START=00019,TYPE=C
000244          FIELD NAME=FRLSND,BYTES=001,START=00028,TYPE=C
000245          SEGM NAME=SRENAREF,PARENT=((SREMTRAN,SNGL)),                  X
000246                BYTES=(00300,00090)
000247          FIELD NAME=(KFLDC4,SEQ,U),BYTES=003,START=00017,TYPE=C
000248          FIELD NAME=RSVDTA,BYTES=002,START=00001,TYPE=X
000249          FIELD NAME=LSUPDT,BYTES=008,START=00003,TYPE=C
000250          FIELD NAME=LSUPTM,BYTES=006,START=00011,TYPE=C
000251          FIELD NAME=NARFCD,BYTES=003,START=00017,TYPE=C
000252          FIELD NAME=NARFCC,BYTES=001,START=00020,TYPE=C
000253          FIELD NAME=TELXIC,BYTES=001,START=00021,TYPE=C
000254          SEGM NAME=SREMTNRT,PARENT=((SRENAREF,SNGL)),BYTES=(00120)
000255          FIELD NAME=(KFLDPZ,SEQ,U),BYTES=005,START=00017,TYPE=C
000256          FIELD NAME=RSVDTA,BYTES=002,START=00001,TYPE=X
000257          FIELD NAME=LSUPDT,BYTES=008,START=00003,TYPE=C
000258          FIELD NAME=LSUPTM,BYTES=006,START=00011,TYPE=C
000259          FIELD NAME=TEXTLN,BYTES=005,START=00017,TYPE=C
000260          FIELD NAME=UBRCTY,BYTES=003,START=00022,TYPE=C
000261          FIELD NAME=TELICC,BYTES=001,START=00025,TYPE=C
000262          FIELD NAME=NOROTL,BYTES=070,START=00026,TYPE=C
000263          SEGM NAME=SRECOMMS,PARENT=((SREMTRAN,SNGL)),BYTES=(00080)
000264          FIELD NAME=(KFLDCZ,SEQ,U),BYTES=004,START=00017,TYPE=C
000265          FIELD NAME=RSVDTA,BYTES=002,START=00001,TYPE=X
000266          FIELD NAME=LSUPDT,BYTES=008,START=00003,TYPE=C
000267          FIELD NAME=LSUPTM,BYTES=006,START=00011,TYPE=C
000268          FIELD NAME=COMMTP,BYTES=004,START=00017,TYPE=C
000269          FIELD NAME=COMMAM,BYTES=008,START=00021,TYPE=P
000270          FIELD NAME=COMMCD,BYTES=001,START=00029,TYPE=C
000271          FIELD NAME=COMOIN,BYTES=001,START=00030,TYPE=C
000272          FIELD NAME=CDRANO,BYTES=010,START=00031,TYPE=C
000273          FIELD NAME=CMDRLN,BYTES=006,START=00031,TYPE=C
000274          FIELD NAME=CMCHCC,BYTES=001,START=00041,TYPE=C
000275          FIELD NAME=TXBLCD,BYTES=001,START=00042,TYPE=C
000276          FIELD NAME=TXRATE,BYTES=004,START=00043,TYPE=P
000277          FIELD NAME=NTRTYP,BYTES=003,START=00047,TYPE=C
000278          FIELD NAME=COPCTY,BYTES=001,START=00050,TYPE=C
000279          FIELD NAME=PRCUCO,BYTES=004,START=00051,TYPE=C
000280          FIELD NAME=PRISCC,BYTES=003,START=00051,TYPE=C
000281          FIELD NAME=PRCUMO,BYTES=001,START=00054,TYPE=C
000282          FIELD NAME=ACBIST,BYTES=001,START=00055,TYPE=C
000283          FIELD NAME=CHRGAM,BYTES=008,START=00056,TYPE=P
000284          SEGM NAME=SREMOTST,PARENT=((SREMTRAN,SNGL)),BYTES=(00050)
000285          FIELD NAME=(KFLDF1,SEQ,U),BYTES=003,START=00017,TYPE=C
000286          FIELD NAME=RSVDTA,BYTES=002,START=00001,TYPE=X
000287          FIELD NAME=LSUPDT,BYTES=008,START=00003,TYPE=C
000288          FIELD NAME=LSUPTM,BYTES=006,START=00011,TYPE=C
000289          FIELD NAME=OUTTYP,BYTES=003,START=00017,TYPE=C
000290          FIELD NAME=OUTSTT,BYTES=001,START=00028,TYPE=C
000291          FIELD NAME=PDMECD,BYTES=001,START=00029,TYPE=C
000292          FIELD NAME=TRMMED,BYTES=001,START=00030,TYPE=C
000293          FIELD NAME=DNEMTP,BYTES=010,START=00031,TYPE=C
000294          SEGM NAME=SREMTOSH,PARENT=((SREMOTST,SNGL)),BYTES=(00110)
000295          FIELD NAME=(KFLDP1,SEQ,U),BYTES=014,START=00017,TYPE=C
000296          FIELD NAME=RSVDTA,BYTES=002,START=00001,TYPE=X
000297          FIELD NAME=LSUPDT,BYTES=008,START=00003,TYPE=C
000298          FIELD NAME=LSUPTM,BYTES=006,START=00011,TYPE=C
000299          FIELD NAME=ACTVDT,BYTES=008,START=00017,TYPE=C
000300          FIELD NAME=ACTVTM,BYTES=006,START=00025,TYPE=C
000301          FIELD NAME=MSRPTY,BYTES=003,START=00031,TYPE=C
000302          FIELD NAME=RTRCOD,BYTES=006,START=00034,TYPE=C
000303          FIELD NAME=EXSYID,BYTES=005,START=00040,TYPE=C
000304          SEGM NAME=SREMTOSD,PARENT=((SREMTOSH,SNGL)),BYTES=(00272),    X
000305                POINTER=(NT)
000306          FIELD NAME=RSVDTA,BYTES=002,START=00001,TYPE=X
000307          FIELD NAME=LSUPDT,BYTES=008,START=00003,TYPE=C
000308          FIELD NAME=LSUPTM,BYTES=006,START=00011,TYPE=C
000309          FIELD NAME=SFLDR8,BYTES=001,START=00017,TYPE=C
000310          FIELD NAME=SRCFIE,BYTES=001,START=00017,TYPE=C
000311          FIELD NAME=REOMSD,BYTES=255,START=00018,TYPE=C
000312          SEGM NAME=SREMIBLC,PARENT=((SREMTRAN,SNGL)),BYTES=(00065)
000313          FIELD NAME=(KFLDC1,SEQ,U),BYTES=011,START=00017,TYPE=C
000314          FIELD NAME=RSVDTA,BYTES=002,START=00001,TYPE=X
000315          FIELD NAME=LSUPDT,BYTES=008,START=00003,TYPE=C
000316          FIELD NAME=LSUPTM,BYTES=006,START=00011,TYPE=C
000317          FIELD NAME=CBRCDT,BYTES=002,START=00017,TYPE=C
000318          FIELD NAME=CBRCOD,BYTES=008,START=00019,TYPE=C
000319          FIELD NAME=CBRATT,BYTES=001,START=00027,TYPE=C
000320          FIELD NAME=CBRAMT,BYTES=008,START=00028,TYPE=P
000321          FIELD NAME=CBINMM,BYTES=004,START=00036,TYPE=C
000322          FIELD NAME=CBTACO,BYTES=001,START=00040,TYPE=C
000323          FIELD NAME=FRCBGC,BYTES=002,START=00041,TYPE=C
000324          FIELD NAME=FRCBCI,BYTES=001,START=00043,TYPE=C
000325          FIELD NAME=BSRTCD,BYTES=010,START=00044,TYPE=C
000326          FIELD NAME=NORDCC,BYTES=001,START=00054,TYPE=C
000327          FIELD NAME=NOREAC,BYTES=001,START=00055,TYPE=C
000328          SEGM NAME=SREEXCPT,PARENT=((SREMTRAN,SNGL)),BYTES=(00070),    X
000329                POINTER=(NT)
000330          FIELD NAME=RSVDTA,BYTES=002,START=00001,TYPE=X
000331          FIELD NAME=LSUPDT,BYTES=008,START=00003,TYPE=C
000332          FIELD NAME=LSUPTM,BYTES=006,START=00011,TYPE=C
000333          FIELD NAME=SFLDXI,BYTES=001,START=00017,TYPE=C
000334          FIELD NAME=SRCFIE,BYTES=001,START=00017,TYPE=C
000335          FIELD NAME=ORUSI1,BYTES=009,START=00018,TYPE=C
000336          FIELD NAME=ORUSI2,BYTES=009,START=00027,TYPE=C
000337          FIELD NAME=DFHODA,BYTES=003,START=00036,TYPE=C
000338          FIELD NAME=DFINVD,BYTES=003,START=00039,TYPE=C
000339          FIELD NAME=CHOREI,BYTES=001,START=00042,TYPE=C
000340          FIELD NAME=BRENEI,BYTES=001,START=00043,TYPE=C
000341          FIELD NAME=DFRAEI,BYTES=001,START=00044,TYPE=C
000342          FIELD NAME=HODIEI,BYTES=001,START=00045,TYPE=C
000343          FIELD NAME=HODOEI,BYTES=001,START=00046,TYPE=C
000344          FIELD NAME=INDOEI,BYTES=001,START=00047,TYPE=C
000345          FIELD NAME=INDREI,BYTES=001,START=00048,TYPE=C
000346          FIELD NAME=TLLIEI,BYTES=001,START=00049,TYPE=C
000347          FIELD NAME=TRADEI,BYTES=001,START=00050,TYPE=C
000348          FIELD NAME=TRAEEI,BYTES=001,START=00051,TYPE=C
000349          SEGM NAME=SREMMTCH,PARENT=((SREMTRAN,SNGL)),BYTES=(00048)
000350          FIELD NAME=(KFLDE1,SEQ,U),BYTES=020,START=00017,TYPE=C
000351          FIELD NAME=RSVDTA,BYTES=002,START=00001,TYPE=X
000352          FIELD NAME=LSUPDT,BYTES=008,START=00003,TYPE=C
000353          FIELD NAME=LSUPTM,BYTES=006,START=00011,TYPE=C
000354          FIELD NAME=NARFCD,BYTES=003,START=00017,TYPE=C
000355          FIELD NAME=OFAPHR,BYTES=012,START=00020,TYPE=C
000356          FIELD NAME=CASENO,BYTES=005,START=00032,TYPE=C
000357          SEGM NAME=SREMTOFL,PARENT=((SREMTRAN,SNGL)),BYTES=(00800),    X
000358                POINTER=(NT)
000359          FIELD NAME=/CKKTBR,BYTES=004,START=00001,TYPE=C
000360          FIELD NAME=/CKKTAN,BYTES=008,START=00005,TYPE=C
000361          FIELD NAME=RSVDTA,BYTES=002,START=00001,TYPE=X
000362          FIELD NAME=LSUPDT,BYTES=008,START=00003,TYPE=C
000363          FIELD NAME=LSUPTM,BYTES=006,START=00011,TYPE=C
000364          FIELD NAME=SFLDHV,BYTES=002,START=00017,TYPE=C
000365          FIELD NAME=SEQUNO,BYTES=002,START=00017,TYPE=C
000366          FIELD NAME=BACVFD,BYTES=008,START=00019,TYPE=C
000367          FIELD NAME=BADVFD,BYTES=008,START=00027,TYPE=C
000368          FIELD NAME=AUTCOJ,BYTES=008,START=00035,TYPE=C
000369          FIELD NAME=CLRPRC,BYTES=004,START=00043,TYPE=C
000370          FIELD NAME=CLRERD,BYTES=008,START=00047,TYPE=C
000371          FIELD NAME=CLTRSC,BYTES=004,START=00055,TYPE=C
000372          FIELD NAME=REORCO,BYTES=001,START=00059,TYPE=C
000373          FIELD NAME=CLCEFC,BYTES=003,START=00060,TYPE=C
000374          FIELD NAME=FECFAM,BYTES=008,START=00063,TYPE=P
000375          FIELD NAME=PYDEAN,BYTES=035,START=00071,TYPE=C
000376          FIELD NAME=EXEXRA,BYTES=008,START=00106,TYPE=P
000377          FIELD NAME=EXERSI,BYTES=006,START=00114,TYPE=C
000378          FIELD NAME=EXERUM,BYTES=002,START=00114,TYPE=C
000379          FIELD NAME=EXERQI,BYTES=004,START=00116,TYPE=C
000380          FIELD NAME=EXEXAM,BYTES=008,START=00120,TYPE=P
000381          FIELD NAME=EXEICC,BYTES=003,START=00128,TYPE=C
000382          FIELD NAME=EXEXLA,BYTES=008,START=00131,TYPE=P
000383          FIELD NAME=CLRMMC,BYTES=001,START=00139,TYPE=C
000384          FIELD NAME=COMTIM,BYTES=006,START=00140,TYPE=C
000385          FIELD NAME=RTREID,BYTES=016,START=00146,TYPE=C
000386          FIELD NAME=REFGDT,BYTES=008,START=00146,TYPE=C
000387          FIELD NAME=REFGTM,BYTES=006,START=00154,TYPE=C
000388          FIELD NAME=REGESN,BYTES=002,START=00160,TYPE=C
000389          FIELD NAME=RTPOSC,BYTES=001,START=00162,TYPE=C
000390          FIELD NAME=RTQURC,BYTES=002,START=00163,TYPE=C
000391          FIELD NAME=RTPYRT,BYTES=006,START=00165,TYPE=C
000392          FIELD NAME=RTPCRN,BYTES=016,START=00171,TYPE=C
000393          FIELD NAME=CHQDAT,BYTES=008,START=00187,TYPE=C
000394          FIELD NAME=PRTCIC,BYTES=002,START=00195,TYPE=C
000395          FIELD NAME=CLVACO,BYTES=001,START=00197,TYPE=C
000396          FIELD NAME=INICTT,BYTES=008,START=00198,TYPE=C
000397          FIELD NAME=ININCC,BYTES=005,START=00198,TYPE=C
000398          FIELD NAME=INIPCG,BYTES=003,START=00203,TYPE=C
000399          FIELD NAME=INICTC,BYTES=002,START=00203,TYPE=C
000400          FIELD NAME=INSPMC,BYTES=001,START=00205,TYPE=C
000401          FIELD NAME=INDFPC,BYTES=001,START=00205,TYPE=C
000402          FIELD NAME=INISPC,BYTES=003,START=00206,TYPE=C
000403          FIELD NAME=RTSRID,BYTES=012,START=00209,TYPE=C
000404          FIELD NAME=AUBYUI,BYTES=009,START=00221,TYPE=C
000405          FIELD NAME=AUBUBN,BYTES=004,START=00221,TYPE=C
000406          FIELD NAME=AUBUIS,BYTES=005,START=00225,TYPE=C
000407          FIELD NAME=ORIDRE,BYTES=034,START=00230,TYPE=C
000408          FIELD NAME=ORIRF1,BYTES=034,START=00230,TYPE=C
000409          FIELD NAME=ORIDAC,BYTES=034,START=00230,TYPE=C
000410          FIELD NAME=ORIRF2,BYTES=034,START=00230,TYPE=C
000411          FIELD NAME=ORIDCW,BYTES=004,START=00230,TYPE=C
000412          FIELD NAME=ORIDD1,BYTES=001,START=00234,TYPE=C
000413          FIELD NAME=ORIICC,BYTES=002,START=00235,TYPE=C
000414          FIELD NAME=ORIDD2,BYTES=001,START=00237,TYPE=C
000415          FIELD NAME=ORIDDA,BYTES=026,START=00238,TYPE=C
000416          FIELD NAME=BEIDRE,BYTES=034,START=00264,TYPE=C
000417          FIELD NAME=BEIRF1,BYTES=034,START=00264,TYPE=C
000418          FIELD NAME=BEIDCW,BYTES=004,START=00264,TYPE=C
000419          FIELD NAME=BEIRF2,BYTES=034,START=00264,TYPE=C
000420          FIELD NAME=BEIDCL,BYTES=002,START=00264,TYPE=C
000421          FIELD NAME=BEIDCI,BYTES=006,START=00266,TYPE=C
000422          FIELD NAME=BEIDD1,BYTES=001,START=00268,TYPE=C
000423          FIELD NAME=BEIICC,BYTES=002,START=00269,TYPE=C
000424          FIELD NAME=BEIDD2,BYTES=001,START=00271,TYPE=C
000425          FIELD NAME=BEIDDA,BYTES=026,START=00272,TYPE=C
000426          FIELD NAME=ORGIDN,BYTES=022,START=00298,TYPE=C
000427          FIELD NAME=CLCPRC,BYTES=001,START=00320,TYPE=C
000428          FIELD NAME=ORRECC,BYTES=004,START=00321,TYPE=C
000429          FIELD NAME=ORREAM,BYTES=008,START=00325,TYPE=P
000430          FIELD NAME=AWDPEC,BYTES=001,START=00333,TYPE=C
000431          FIELD NAME=DPRUSN,BYTES=005,START=00334,TYPE=C
000432          FIELD NAME=IMDEDA,BYTES=008,START=00339,TYPE=C
000433          FIELD NAME=IMDETI,BYTES=006,START=00347,TYPE=C
000434          FIELD NAME=EXEREK,BYTES=004,START=00353,TYPE=C
000435          FIELD NAME=USREPI,BYTES=001,START=00357,TYPE=C
000436          FIELD NAME=MEPOIN,BYTES=001,START=00358,TYPE=C
000437          FIELD NAME=EXSYID,BYTES=005,START=00359,TYPE=C
000438          FIELD NAME=DDBYNO,BYTES=016,START=00364,TYPE=C
000439          FIELD NAME=TIPYGR,BYTES=010,START=00380,TYPE=C
000440          FIELD NAME=TIPYSI,BYTES=003,START=00380,TYPE=C
000441          FIELD NAME=TIPDTH,BYTES=004,START=00383,TYPE=C
000442          FIELD NAME=TIPYTZ,BYTES=003,START=00387,TYPE=C
000443          FIELD NAME=BUCLED,BYTES=008,START=00390,TYPE=C
000444          FIELD NAME=BUCGWA,BYTES=010,START=00398,TYPE=C
000445          FIELD NAME=SCEXSI,BYTES=005,START=00408,TYPE=C
000446          FIELD NAME=ORTECS,BYTES=016,START=00413,TYPE=C
000447          FIELD NAME=DPADEC,BYTES=001,START=00429,TYPE=C
000448          FIELD NAME=CHPRRI,BYTES=003,START=00430,TYPE=C
000449          FIELD NAME=BASROI,BYTES=001,START=00433,TYPE=C
000450          FIELD NAME=PYSTOI,BYTES=001,START=00434,TYPE=C
000451          FIELD NAME=PYMSTA,BYTES=015,START=00435,TYPE=C
000452          FIELD NAME=PYSTCA,BYTES=003,START=00435,TYPE=C
000453          FIELD NAME=PYRECO,BYTES=002,START=00438,TYPE=C
000454          FIELD NAME=PYRCIN,BYTES=001,START=00440,TYPE=C
000455          FIELD NAME=STPYCO,BYTES=001,START=00441,TYPE=C
000456          FIELD NAME=CRBRIJ,BYTES=001,START=00442,TYPE=C
000457          FIELD NAME=CRBRIN,BYTES=001,START=00443,TYPE=C
000458          FIELD NAME=DLVMET,BYTES=003,START=00444,TYPE=C
000459          FIELD NAME=FXRAUC,BYTES=001,START=00447,TYPE=C
000460          FIELD NAME=DRCHFC,BYTES=001,START=00448,TYPE=C
000461          FIELD NAME=CRCHFC,BYTES=001,START=00449,TYPE=C
000462          FIELD NAME=STDBSC,BYTES=004,START=00450,TYPE=C
000463          FIELD NAME=AMRPED,BYTES=008,START=00454,TYPE=C
000464          FIELD NAME=AMRPET,BYTES=006,START=00462,TYPE=C
000465          FIELD NAME=ASSREM,BYTES=015,START=00468,TYPE=C
000466          FIELD NAME=ASREBN,BYTES=004,START=00468,TYPE=C
000467          FIELD NAME=ASARNO,BYTES=008,START=00472,TYPE=C
000468          FIELD NAME=ASMRSN,BYTES=003,START=00480,TYPE=C
000469          FIELD NAME=REASRC,BYTES=002,START=00483,TYPE=C
000470          FIELD NAME=ASPYDE,BYTES=023,START=00485,TYPE=C
000471          FIELD NAME=ASDEBN,BYTES=004,START=00485,TYPE=C
000472          FIELD NAME=CUSTNO,BYTES=005,START=00489,TYPE=C
000473          FIELD NAME=LDACID,BYTES=003,START=00494,TYPE=C
000474          FIELD NAME=PVDNDD,BYTES=001,START=00497,TYPE=C
000475          FIELD NAME=PYDETI,BYTES=006,START=00498,TYPE=C
000476          FIELD NAME=DESENO,BYTES=004,START=00504,TYPE=C
000477          FIELD NAME=ASPYDC,BYTES=020,START=00508,TYPE=C
000478          FIELD NAME=ASDCBN,BYTES=004,START=00508,TYPE=C
000479          FIELD NAME=DEGRID,BYTES=012,START=00512,TYPE=C
000480          FIELD NAME=DESLCI,BYTES=004,START=00524,TYPE=C
000481          FIELD NAME=DIDASI,BYTES=001,START=00542,TYPE=C
000482          FIELD NAME=ORRECG,BYTES=027,START=00543,TYPE=C
000483          FIELD NAME=REPCOJ,BYTES=003,START=00543,TYPE=C
000484          FIELD NAME=RPRECG,BYTES=012,START=00570,TYPE=C
000485          FIELD NAME=RPRECO,BYTES=003,START=00570,TYPE=C
000486          FIELD NAME=CAPYER,BYTES=35,START=00582,TYPE=C
000487          FIELD NAME=CCCODE,BYTES=005,START=00617,TYPE=C
000488          FIELD NAME=DIDRED,BYTES=8,START=00622,TYPE=C
000489          FIELD NAME=DIDESN,BYTES=2,START=00630,TYPE=C
000490          FIELD NAME=PRDDED,BYTES=8,START=00632,TYPE=C
000491          FIELD NAME=PDDESN,BYTES=2,START=00640,TYPE=C
000492          FIELD NAME=BUCLET,BYTES=6,START=00642,TYPE=C
000493          FIELD NAME=CLBASN,BYTES=005,START=00648,TYPE=C
000494          FIELD NAME=PYCNRI,BYTES=001,START=00653,TYPE=C
000495          FIELD NAME=PYRENI,BYTES=001,START=00654,TYPE=C
000496          FIELD NAME=CNDSIN,BYTES=001,START=00655,TYPE=C
000497          FIELD NAME=CLPYSN,BYTES=07,START=00656,TYPE=C
000498          FIELD NAME=UNUNID,BYTES=032,START=00663,TYPE=C
000499          FIELD NAME=FILLHV,BYTES=106,START=00695,TYPE=C
000500          SEGM NAME=SREMTRTS,PARENT=((SREMTRAN,SNGL)),BYTES=(00090),    X
000501                POINTER=(NT)
000502          FIELD NAME=RSVDTA,BYTES=002,START=00001,TYPE=X
000503          FIELD NAME=LSUPDT,BYTES=008,START=00003,TYPE=C
000504          FIELD NAME=LSUPTM,BYTES=006,START=00011,TYPE=C
000505          FIELD NAME=SFLDFU,BYTES=002,START=00017,TYPE=C
000506          FIELD NAME=SEQUNO,BYTES=002,START=00017,TYPE=C
000507          FIELD NAME=REPYDE,BYTES=014,START=00019,TYPE=C
000508          FIELD NAME=REPYDD,BYTES=008,START=00019,TYPE=C
000509          FIELD NAME=REPYDT,BYTES=006,START=00027,TYPE=C
000510          FIELD NAME=REPYLA,BYTES=029,START=00033,TYPE=C
000511          FIELD NAME=REPYBN,BYTES=004,START=00033,TYPE=C
000512          FIELD NAME=REPSAC,BYTES=003,START=00037,TYPE=C
000513          FIELD NAME=REPSSI,BYTES=010,START=00040,TYPE=C
000514          FIELD NAME=REPYVD,BYTES=008,START=00050,TYPE=C
000515          FIELD NAME=REPTSN,BYTES=003,START=00058,TYPE=C
000516          FIELD NAME=REPYAN,BYTES=001,START=00061,TYPE=C
000517          FIELD NAME=/CKREMT,BYTES=012,START=0001,TYPE=C
000518          SEGM NAME=SREMTCGR,PARENT=((SREMTRAN,SNGL)),BYTES=(00060),    X
000519                POINTER=(NT)
000520          FIELD NAME=RSVDTA,BYTES=002,START=00001,TYPE=X
000521          FIELD NAME=LSUPDT,BYTES=008,START=00003,TYPE=C
000522          FIELD NAME=LSUPTM,BYTES=006,START=00011,TYPE=C
000523          FIELD NAME=SFLDF5,BYTES=002,START=00017,TYPE=C
000524          FIELD NAME=SEQUNO,BYTES=002,START=00017,TYPE=C
000525          FIELD NAME=INRECC,BYTES=004,START=00019,TYPE=C
000526          FIELD NAME=INREAJ,BYTES=008,START=00023,TYPE=P
000527          FIELD NAME=INCHCC,BYTES=004,START=00031,TYPE=C
000528          FIELD NAME=INCHAM,BYTES=008,START=00035,TYPE=P
000529          FIELD NAME=INEXRA,BYTES=008,START=00043,TYPE=P
000530          SEGM NAME=SREMTIMD,PARENT=((SREMTRAN,SNGL)),BYTES=(00220),    X
000531                POINTER=(NT)
000532          FIELD NAME=LSUPDT,BYTES=008,START=00003,TYPE=C
000533          FIELD NAME=LSUPTM,BYTES=006,START=00011,TYPE=C
000534          FIELD NAME=SFLDKT,BYTES=002,START=00017,TYPE=C
000535          FIELD NAME=SEQUNO,BYTES=002,START=00017,TYPE=C
000536          FIELD NAME=SNSWAD,BYTES=011,START=00019,TYPE=C
000537          FIELD NAME=SWINID,BYTES=004,START=00019,TYPE=C
000538          FIELD NAME=ISCNTY,BYTES=002,START=00023,TYPE=C
000539          FIELD NAME=SWPRAD,BYTES=002,START=00025,TYPE=C
000540          FIELD NAME=SWINBI,BYTES=003,START=00027,TYPE=C
000541          FIELD NAME=DRACCT,BYTES=010,START=00030,TYPE=C
000542          FIELD NAME=INMSKG,BYTES=020,START=00040,TYPE=C
000543          FIELD NAME=RGCURR,BYTES=004,START=00040,TYPE=C
000544          FIELD NAME=RGAMNT,BYTES=008,START=00044,TYPE=P
000545          FIELD NAME=INPYVD,BYTES=008,START=00052,TYPE=C
000546          FIELD NAME=INMSDG,BYTES=121,START=00060,TYPE=C
000547          FIELD NAME=INPYMT,BYTES=003,START=00060,TYPE=C
000548          FIELD NAME=INRERE,BYTES=020,START=00063,TYPE=C
000549          FIELD NAME=INBERE,BYTES=020,START=00083,TYPE=C
000550          FIELD NAME=INAWBD,BYTES=035,START=00103,TYPE=C
000551          FIELD NAME=INBEAD,BYTES=035,START=00138,TYPE=C
000552          FIELD NAME=ININRD,BYTES=008,START=00173,TYPE=C
000553          FIELD NAME=CNSRSI,BYTES=001,START=00181,TYPE=C
000554          FIELD NAME=CNSRAI,BYTES=001,START=00182,TYPE=C
000555          FIELD NAME=/CKKTBR,BYTES=004,START=0001,TYPE=C
000556          FIELD NAME=/CKKTAN,BYTES=008,START=0005,TYPE=C
000557          SEGM NAME=SREMTSMT,PARENT=((SREMTRAN,SNGL)),BYTES=(00100),    X
000558                POINTER=(NT)
000559          FIELD NAME=RSVDTA,BYTES=002,START=00001,TYPE=X
000560          FIELD NAME=LSUPDT,BYTES=008,START=00003,TYPE=C
000561          FIELD NAME=LSUPTM,BYTES=006,START=00011,TYPE=C
000562          FIELD NAME=SFLDM6,BYTES=001,START=00017,TYPE=C
000563          FIELD NAME=SRCFIE,BYTES=001,START=00017,TYPE=C
000564          FIELD NAME=BAOPCO,BYTES=004,START=00018,TYPE=C
000565          FIELD NAME=ORPYIN,BYTES=011,START=00022,TYPE=C
000566          FIELD NAME=ORPYIC,BYTES=003,START=00022,TYPE=C
000567          FIELD NAME=ORPYIA,BYTES=008,START=00025,TYPE=P
000568          FIELD NAME=ORPIER,BYTES=008,START=00033,TYPE=P
000569          FIELD NAME=TRTYCO,BYTES=003,START=00041,TYPE=C
000570          FIELD NAME=INMTPI,BYTES=001,START=00044,TYPE=C
000571          FIELD NAME=OUMTPI,BYTES=001,START=00045,TYPE=C
000572          SEGM NAME=SREMTSIC,PARENT=((SREMTSMT,SNGL)),BYTES=(00100)
000573          FIELD NAME=(KFLDM7,SEQ,U),BYTES=004,START=00017,TYPE=C
000574          FIELD NAME=RSVDTA,BYTES=002,START=00001,TYPE=X
000575          FIELD NAME=LSUPDT,BYTES=008,START=00003,TYPE=C
000576          FIELD NAME=LSUPTM,BYTES=006,START=00011,TYPE=C
000577          FIELD NAME=SWINCO,BYTES=004,START=00017,TYPE=C
000578          FIELD NAME=SWINCT,BYTES=030,START=00021,TYPE=C
000579          SEGM NAME=SREMTXCG,PARENT=((SREMTSMT,SNGL)),BYTES=(00090)
000580          FIELD NAME=(KFLDOE,SEQ,U),BYTES=001,START=00017,TYPE=C
000581          FIELD NAME=RSVDTA,BYTES=002,START=00001,TYPE=X
000582          FIELD NAME=LSUPDT,BYTES=008,START=00003,TYPE=C
000583          FIELD NAME=LSUPTM,BYTES=006,START=00011,TYPE=C
000584          FIELD NAME=SENO01,BYTES=001,START=00017,TYPE=C
000585          FIELD NAME=EXCHPC,BYTES=001,START=00018,TYPE=C
000586          FIELD NAME=EXTCHR,BYTES=011,START=00019,TYPE=C
000587          FIELD NAME=EXCHCJ,BYTES=003,START=00019,TYPE=C
000588          FIELD NAME=EXCHAJ,BYTES=008,START=00022,TYPE=P
000589          DBDGEN
000590          IXMCODE BEGIN,NAME=LREMTSEQ
000591          IXMCODE COND=((18,I),EQ,C'ATS'),INDEX=YES
000592          IXMCODE INDEX=NO
000593          IXMCODE END
000594          IXMCODE BEGIN,NAME=NREMTSEQ
000595          IXMCODE COND=((13,I),EQ,C'R'),INDEX=NO
000596          IXMCODE INDEX=YES
000597          IXMCODE END
000598          IXMCODE BEGIN,NAME=OREMTSEQ
000599          IXMCODE COND=(170,EQ,C'Q'),INDEX=YES
000600          IXMCODE INDEX=NO
000601          IXMCODE END
000602          IXMCODE BEGIN,NAME=BREMTSEQ
000603          IXMCODE COND=(181,EQ,C'Y'),INDEX=YES
000604          IXMCODE INDEX=NO
000605          IXMCODE END
000606          IXMCODE BEGIN,NAME=CREMTSEQ
000607          IXMCODE COND=(182,EQ,C'Y'),INDEX=YES
000608          IXMCODE INDEX=NO
000609          IXMCODE END
000610          FINISH
000611          END
000612 +/
000613               AS remt_schema;
000614 
000615 DESCRIPTION COBOL
000616 /+
000617       ***********************************************************
000618       *          Cobol definition for record type:0202          *
000619       ***********************************************************
000620        01 SREAUDIT.
000621            02 ORIGIN                            PIC X(4).
000622            02 APPLMNEM                          PIC X(4).
000623            02 CURR_DATE                         PIC X(8).
000624            02 REC_TYP                           PIC X(4).
000625            02 CONCAT_KEY                        PIC X(14).
000626            02 RSRVD_DATA                        PIC S9(4) COMP.
000627            02 LAST_UPDT_DATE                    PIC X(8).
000628            02 LAST_UPDT_TIME                    PIC X(6).
000629            02 FUNC_CODE                         PIC X(2).
000630            02 FUNC_OPID                         PIC X(9).
000631            02 FUNC_RLSE_IND                     PIC X(1).
000632            02 FILLER                            PIC X(12)
000633 
000634 +/
000635               AS SREAUDIT
000636               FOR SEGMENT SREAUDIT
000637               IN DATABASE DREMT10P;
000638 
000639 DATASTORE cdc://cobHost:1234/cobOut/engnew
000640           OF IMSCDC
000641           AS CDCIN
000642           DESCRIBED BY
000643                     SREAUDIT
000644 ;
000645 
000646 DESCRIPTION SQLDDL
000647 /+
000648 CREATE TABLE PROC_AUDT_DETLS_REMT_1
000649 (
000650     SEQUENCE_NUMBER      NUMBER(12) ,
000651     ORIGIN           VARCHAR2(4),
000652     APPLMNEM         VARCHAR2(4),
000653     CURR_DATE        DATE,
000654     REC_TYP          VARCHAR2(4),
000655     CONCAT_KEY       VARCHAR2(14),
000656     RSRVD_DATA       NUMBER(5),
000657     LAST_UPDT_DTTM   DATE,
000658     FUNC_CODE        VARCHAR2(2) ,
000659     FUNC_OPID        VARCHAR2(9),
000660     FUNC_RLSE_IND    VARCHAR2(1)
000661     );
000662 +/
000663               AS PROC_AUDT_DETLS_REMT_1;
000664 
000665 DATASTORE audit
000666           OF Relational
000667           AS auditOut
000668           DESCRIBED BY
000669                     PROC_AUDT_DETLS_REMT_1
000670           FOR Change
000671 ;
000672 
000673 -- ------------------------------------------------------
000674 --           Field Specification Section
000675 -- ------------------------------------------------------
000676 
000677 DECLARE var_1 12 3;
000678 
000679 -- ------------------------------------------------------
000680 --           Procedure Section
000681 -- ------------------------------------------------------
000682 
000683 CREATE PROC audit AS SELECT
000684 {
000685      PROC_AUDT_DETLS_REMT_1  =  SREAUDIT
000686      SEQUENCE_NUMBER  =  ORIGIN
000687      ORIGIN  =  APPLMNEM
000688      APPLMNEM  =  CURR_DATE
000689      CURR_DATE  =  REC_TYP
000690      REC_TYP  =  CONCAT_KEY
000691      CONCAT_KEY  =  RSRVD_DATA
000692      RSRVD_DATA  =  LAST_UPDT_DATE
000693      LAST_UPDT_DTTM  =  LAST_UPDT_TIME
000694      FUNC_CODE  =  FUNC_CODE
000695      FUNC_OPID  =  FUNC_OPID
000696      FUNC_RLSE_IND  =  FUNC_RLSE_IND
000697 }
000698 FROM CDCIN;
000699 
000700 
000701 -- ------------------------------------------------------
000702 --           Main Section
000703 -- ------------------------------------------------------
000704 
000705 PROCESS INTO
000706        auditOut
000707 SELECT
000708 {
000709 
000710 Template for Main Routing Procedure
000711 }
000712 FROM CDCIN;
<<< End Preprocessed C:/wamp/www/SQDATA/Studio/temp/genScript/engnew.inl
SQDY000I At C:/wamp/www/SQDATA/Studio/temp/genScript/engnew.inl (598:1)
     596          FINISH
     597          END
     598 
          ^
SQDY003E syntax error, unexpected <eof>, expecting <label> or <error> or <spaces>
SQD0038E (35) Parser terminated with errors on line 613 
SQD0035E (38) Parser finished processing C:/wamp/www/SQDATA/Studio/temp/genScript/engnew.inl 
SQD0041E (39) Processing completed with return code 8 
SQDC016I SQDPARSE(pid=6288) terminated with Return Code 8, Reason Code=0x8 (N/A)
